// Jest Snapshot v1, https://goo.gl/fbAQLP

exports[`should display just parts when supplier products not required 1`] = `
<div
  className="grid-container"
  key="partBlockContainer"
>
  <div
    className="grid"
    key="partBlock"
  >
    <PartDisplayGridHeaders
      className=""
      key="partBlockHeaders"
      lockFirstColumn={false}
      showSupplierProducts={false}
    />
    <PartDisplayGridRow
      brands={
        Array [
          Object {
            "brand_name": "brand 1",
            "id": 1,
          },
          Object {
            "brand_name": "brand 2",
            "id": 2,
            "supplier": Array [],
            "supplier_names": Array [],
          },
          Object {
            "brand_name": "brand 3",
            "id": 3,
            "supplier": Array [
              1,
            ],
            "supplier_names": Array [
              "supplier 1",
            ],
          },
          Object {
            "brand_name": "brand 4",
            "delete": true,
            "id": 4,
          },
          Object {
            "brand_name": "brand 5",
            "changed": true,
            "id": 5,
            "supplier": Array [
              1,
              3,
            ],
            "supplier_names": Array [
              "supplier 1",
              "supplier 3",
            ],
          },
          Object {
            "brand_name": "brand new",
            "changed": true,
            "dummyKey": "123ABC",
          },
          Object {
            "brand_name": "brand new 2",
            "changed": true,
            "dummyKey": "new",
          },
        ]
      }
      lockFirstColumn={false}
      part={
        Object {
          "id": 11,
          "partType": 1,
        }
      }
      section={
        Object {
          "id": 1,
          "name": "section 1 name",
          "parts": Array [
            Object {
              "id": 11,
              "partType": 1,
            },
            Object {
              "id": 13,
              "partType": 3,
            },
          ],
        }
      }
      sections={
        Array [
          Object {
            "id": 1,
            "name": "section 1 name",
            "partTypes": Array [
              Object {
                "id": 1,
              },
              Object {
                "id": 3,
              },
            ],
          },
          Object {
            "id": 2,
            "name": "Groupset",
            "partTypes": Array [
              Object {
                "id": 9,
              },
              Object {
                "id": 12,
              },
              Object {
                "id": 14,
              },
            ],
          },
          Object {
            "id": 3,
            "name": "section 3 name",
            "partTypes": Array [
              Object {
                "id": 171,
              },
            ],
          },
        ]
      }
      showSupplierProducts={false}
      supplierProducts={Array []}
      suppliers={Array []}
      typeIndex={0}
    />
    <PartDisplayGridRow
      brands={
        Array [
          Object {
            "brand_name": "brand 1",
            "id": 1,
          },
          Object {
            "brand_name": "brand 2",
            "id": 2,
            "supplier": Array [],
            "supplier_names": Array [],
          },
          Object {
            "brand_name": "brand 3",
            "id": 3,
            "supplier": Array [
              1,
            ],
            "supplier_names": Array [
              "supplier 1",
            ],
          },
          Object {
            "brand_name": "brand 4",
            "delete": true,
            "id": 4,
          },
          Object {
            "brand_name": "brand 5",
            "changed": true,
            "id": 5,
            "supplier": Array [
              1,
              3,
            ],
            "supplier_names": Array [
              "supplier 1",
              "supplier 3",
            ],
          },
          Object {
            "brand_name": "brand new",
            "changed": true,
            "dummyKey": "123ABC",
          },
          Object {
            "brand_name": "brand new 2",
            "changed": true,
            "dummyKey": "new",
          },
        ]
      }
      lockFirstColumn={false}
      part={
        Object {
          "id": 13,
          "partType": 3,
        }
      }
      section={
        Object {
          "id": 1,
          "name": "section 1 name",
          "parts": Array [
            Object {
              "id": 11,
              "partType": 1,
            },
            Object {
              "id": 13,
              "partType": 3,
            },
          ],
        }
      }
      sections={
        Array [
          Object {
            "id": 1,
            "name": "section 1 name",
            "partTypes": Array [
              Object {
                "id": 1,
              },
              Object {
                "id": 3,
              },
            ],
          },
          Object {
            "id": 2,
            "name": "Groupset",
            "partTypes": Array [
              Object {
                "id": 9,
              },
              Object {
                "id": 12,
              },
              Object {
                "id": 14,
              },
            ],
          },
          Object {
            "id": 3,
            "name": "section 3 name",
            "partTypes": Array [
              Object {
                "id": 171,
              },
            ],
          },
        ]
      }
      showSupplierProducts={false}
      supplierProducts={Array []}
      suppliers={Array []}
      typeIndex={1}
    />
    <PartDisplayGridRow
      brands={
        Array [
          Object {
            "brand_name": "brand 1",
            "id": 1,
          },
          Object {
            "brand_name": "brand 2",
            "id": 2,
            "supplier": Array [],
            "supplier_names": Array [],
          },
          Object {
            "brand_name": "brand 3",
            "id": 3,
            "supplier": Array [
              1,
            ],
            "supplier_names": Array [
              "supplier 1",
            ],
          },
          Object {
            "brand_name": "brand 4",
            "delete": true,
            "id": 4,
          },
          Object {
            "brand_name": "brand 5",
            "changed": true,
            "id": 5,
            "supplier": Array [
              1,
              3,
            ],
            "supplier_names": Array [
              "supplier 1",
              "supplier 3",
            ],
          },
          Object {
            "brand_name": "brand new",
            "changed": true,
            "dummyKey": "123ABC",
          },
          Object {
            "brand_name": "brand new 2",
            "changed": true,
            "dummyKey": "new",
          },
        ]
      }
      lockFirstColumn={false}
      part={
        Object {
          "id": 29,
          "partType": 9,
        }
      }
      section={
        Object {
          "id": 2,
          "name": "Groupset",
          "parts": Array [
            Object {
              "id": 29,
              "partType": 9,
            },
            Object {
              "id": 212,
              "partType": 12,
            },
            Object {
              "id": 214,
              "partType": 14,
            },
          ],
        }
      }
      sections={
        Array [
          Object {
            "id": 1,
            "name": "section 1 name",
            "partTypes": Array [
              Object {
                "id": 1,
              },
              Object {
                "id": 3,
              },
            ],
          },
          Object {
            "id": 2,
            "name": "Groupset",
            "partTypes": Array [
              Object {
                "id": 9,
              },
              Object {
                "id": 12,
              },
              Object {
                "id": 14,
              },
            ],
          },
          Object {
            "id": 3,
            "name": "section 3 name",
            "partTypes": Array [
              Object {
                "id": 171,
              },
            ],
          },
        ]
      }
      showSupplierProducts={false}
      supplierProducts={Array []}
      suppliers={Array []}
      typeIndex={0}
    />
    <PartDisplayGridRow
      brands={
        Array [
          Object {
            "brand_name": "brand 1",
            "id": 1,
          },
          Object {
            "brand_name": "brand 2",
            "id": 2,
            "supplier": Array [],
            "supplier_names": Array [],
          },
          Object {
            "brand_name": "brand 3",
            "id": 3,
            "supplier": Array [
              1,
            ],
            "supplier_names": Array [
              "supplier 1",
            ],
          },
          Object {
            "brand_name": "brand 4",
            "delete": true,
            "id": 4,
          },
          Object {
            "brand_name": "brand 5",
            "changed": true,
            "id": 5,
            "supplier": Array [
              1,
              3,
            ],
            "supplier_names": Array [
              "supplier 1",
              "supplier 3",
            ],
          },
          Object {
            "brand_name": "brand new",
            "changed": true,
            "dummyKey": "123ABC",
          },
          Object {
            "brand_name": "brand new 2",
            "changed": true,
            "dummyKey": "new",
          },
        ]
      }
      lockFirstColumn={false}
      part={
        Object {
          "id": 212,
          "partType": 12,
        }
      }
      section={
        Object {
          "id": 2,
          "name": "Groupset",
          "parts": Array [
            Object {
              "id": 29,
              "partType": 9,
            },
            Object {
              "id": 212,
              "partType": 12,
            },
            Object {
              "id": 214,
              "partType": 14,
            },
          ],
        }
      }
      sections={
        Array [
          Object {
            "id": 1,
            "name": "section 1 name",
            "partTypes": Array [
              Object {
                "id": 1,
              },
              Object {
                "id": 3,
              },
            ],
          },
          Object {
            "id": 2,
            "name": "Groupset",
            "partTypes": Array [
              Object {
                "id": 9,
              },
              Object {
                "id": 12,
              },
              Object {
                "id": 14,
              },
            ],
          },
          Object {
            "id": 3,
            "name": "section 3 name",
            "partTypes": Array [
              Object {
                "id": 171,
              },
            ],
          },
        ]
      }
      showSupplierProducts={false}
      supplierProducts={Array []}
      suppliers={Array []}
      typeIndex={1}
    />
    <PartDisplayGridRow
      brands={
        Array [
          Object {
            "brand_name": "brand 1",
            "id": 1,
          },
          Object {
            "brand_name": "brand 2",
            "id": 2,
            "supplier": Array [],
            "supplier_names": Array [],
          },
          Object {
            "brand_name": "brand 3",
            "id": 3,
            "supplier": Array [
              1,
            ],
            "supplier_names": Array [
              "supplier 1",
            ],
          },
          Object {
            "brand_name": "brand 4",
            "delete": true,
            "id": 4,
          },
          Object {
            "brand_name": "brand 5",
            "changed": true,
            "id": 5,
            "supplier": Array [
              1,
              3,
            ],
            "supplier_names": Array [
              "supplier 1",
              "supplier 3",
            ],
          },
          Object {
            "brand_name": "brand new",
            "changed": true,
            "dummyKey": "123ABC",
          },
          Object {
            "brand_name": "brand new 2",
            "changed": true,
            "dummyKey": "new",
          },
        ]
      }
      lockFirstColumn={false}
      part={
        Object {
          "id": 214,
          "partType": 14,
        }
      }
      section={
        Object {
          "id": 2,
          "name": "Groupset",
          "parts": Array [
            Object {
              "id": 29,
              "partType": 9,
            },
            Object {
              "id": 212,
              "partType": 12,
            },
            Object {
              "id": 214,
              "partType": 14,
            },
          ],
        }
      }
      sections={
        Array [
          Object {
            "id": 1,
            "name": "section 1 name",
            "partTypes": Array [
              Object {
                "id": 1,
              },
              Object {
                "id": 3,
              },
            ],
          },
          Object {
            "id": 2,
            "name": "Groupset",
            "partTypes": Array [
              Object {
                "id": 9,
              },
              Object {
                "id": 12,
              },
              Object {
                "id": 14,
              },
            ],
          },
          Object {
            "id": 3,
            "name": "section 3 name",
            "partTypes": Array [
              Object {
                "id": 171,
              },
            ],
          },
        ]
      }
      showSupplierProducts={false}
      supplierProducts={Array []}
      suppliers={Array []}
      typeIndex={2}
    />
    <PartDisplayGridRow
      brands={
        Array [
          Object {
            "brand_name": "brand 1",
            "id": 1,
          },
          Object {
            "brand_name": "brand 2",
            "id": 2,
            "supplier": Array [],
            "supplier_names": Array [],
          },
          Object {
            "brand_name": "brand 3",
            "id": 3,
            "supplier": Array [
              1,
            ],
            "supplier_names": Array [
              "supplier 1",
            ],
          },
          Object {
            "brand_name": "brand 4",
            "delete": true,
            "id": 4,
          },
          Object {
            "brand_name": "brand 5",
            "changed": true,
            "id": 5,
            "supplier": Array [
              1,
              3,
            ],
            "supplier_names": Array [
              "supplier 1",
              "supplier 3",
            ],
          },
          Object {
            "brand_name": "brand new",
            "changed": true,
            "dummyKey": "123ABC",
          },
          Object {
            "brand_name": "brand new 2",
            "changed": true,
            "dummyKey": "new",
          },
        ]
      }
      lockFirstColumn={false}
      part={
        Object {
          "id": 3171,
          "partType": 171,
        }
      }
      section={
        Object {
          "id": 3,
          "name": "section 3 name",
          "parts": Array [
            Object {
              "id": 3171,
              "partType": 171,
            },
          ],
        }
      }
      sections={
        Array [
          Object {
            "id": 1,
            "name": "section 1 name",
            "partTypes": Array [
              Object {
                "id": 1,
              },
              Object {
                "id": 3,
              },
            ],
          },
          Object {
            "id": 2,
            "name": "Groupset",
            "partTypes": Array [
              Object {
                "id": 9,
              },
              Object {
                "id": 12,
              },
              Object {
                "id": 14,
              },
            ],
          },
          Object {
            "id": 3,
            "name": "section 3 name",
            "partTypes": Array [
              Object {
                "id": 171,
              },
            ],
          },
        ]
      }
      showSupplierProducts={false}
      supplierProducts={Array []}
      suppliers={Array []}
      typeIndex={0}
    />
  </div>
</div>
`;

exports[`should display parts and supplier parts when supplier products are required 1`] = `
<div
  className="grid-container"
  key="partBlockContainer"
>
  <div
    className="grid"
    key="partBlock"
  >
    <PartDisplayGridHeaders
      className=""
      key="partBlockHeaders"
      lockFirstColumn={true}
      showSupplierProducts={true}
    />
    <PartDisplayGridRow
      brands={
        Array [
          Object {
            "brand_name": "brand 1",
            "id": 1,
          },
          Object {
            "brand_name": "brand 2",
            "id": 2,
            "supplier": Array [],
            "supplier_names": Array [],
          },
          Object {
            "brand_name": "brand 3",
            "id": 3,
            "supplier": Array [
              1,
            ],
            "supplier_names": Array [
              "supplier 1",
            ],
          },
          Object {
            "brand_name": "brand 4",
            "delete": true,
            "id": 4,
          },
          Object {
            "brand_name": "brand 5",
            "changed": true,
            "id": 5,
            "supplier": Array [
              1,
              3,
            ],
            "supplier_names": Array [
              "supplier 1",
              "supplier 3",
            ],
          },
          Object {
            "brand_name": "brand new",
            "changed": true,
            "dummyKey": "123ABC",
          },
          Object {
            "brand_name": "brand new 2",
            "changed": true,
            "dummyKey": "new",
          },
        ]
      }
      lockFirstColumn={true}
      part={
        Object {
          "id": 11,
          "partType": 1,
        }
      }
      section={
        Object {
          "id": 1,
          "name": "section 1 name",
          "parts": Array [
            Object {
              "id": 11,
              "partType": 1,
            },
            Object {
              "id": 13,
              "partType": 3,
            },
          ],
        }
      }
      sections={
        Array [
          Object {
            "id": 1,
            "name": "section 1 name",
            "partTypes": Array [
              Object {
                "id": 1,
              },
              Object {
                "id": 3,
              },
            ],
          },
          Object {
            "id": 2,
            "name": "Groupset",
            "partTypes": Array [
              Object {
                "id": 9,
              },
              Object {
                "id": 12,
              },
              Object {
                "id": 14,
              },
            ],
          },
          Object {
            "id": 3,
            "name": "section 3 name",
            "partTypes": Array [
              Object {
                "id": 171,
              },
            ],
          },
        ]
      }
      showSupplierProducts={true}
      supplierProducts={
        Array [
          Object {
            "check_date": 2015-03-25T18:30:00.000Z,
            "club_price": 22.99,
            "fitted_price": 23.99,
            "id": 121,
            "part": 13,
            "product_code": "PC101",
            "rrp": 24.99,
            "supplier": 12,
            "ticket_price": 24.99,
            "trade_price": 11,
          },
          Object {
            "check_date": 2015-03-25T18:30:00.000Z,
            "club_price": 22.99,
            "fitted_price": 23.99,
            "id": 121,
            "part": 13,
            "product_code": "PC101",
            "rrp": 24.99,
            "supplier": 12,
            "ticket_price": 24.99,
            "trade_price": 11,
          },
          Object {
            "check_date": 2015-03-25T18:30:00.000Z,
            "club_price": 22.99,
            "fitted_price": 23.99,
            "id": 121,
            "part": 214,
            "product_code": "PC101",
            "rrp": 24.99,
            "supplier": 12,
            "ticket_price": 24.99,
            "trade_price": 11,
          },
        ]
      }
      suppliers={
        Array [
          Object {
            "id": 12,
            "name": "supplier Name",
          },
          Object {
            "id": 22,
            "name": "supplier Name 2",
          },
        ]
      }
      typeIndex={0}
    />
    <PartDisplayGridRow
      brands={
        Array [
          Object {
            "brand_name": "brand 1",
            "id": 1,
          },
          Object {
            "brand_name": "brand 2",
            "id": 2,
            "supplier": Array [],
            "supplier_names": Array [],
          },
          Object {
            "brand_name": "brand 3",
            "id": 3,
            "supplier": Array [
              1,
            ],
            "supplier_names": Array [
              "supplier 1",
            ],
          },
          Object {
            "brand_name": "brand 4",
            "delete": true,
            "id": 4,
          },
          Object {
            "brand_name": "brand 5",
            "changed": true,
            "id": 5,
            "supplier": Array [
              1,
              3,
            ],
            "supplier_names": Array [
              "supplier 1",
              "supplier 3",
            ],
          },
          Object {
            "brand_name": "brand new",
            "changed": true,
            "dummyKey": "123ABC",
          },
          Object {
            "brand_name": "brand new 2",
            "changed": true,
            "dummyKey": "new",
          },
        ]
      }
      lockFirstColumn={true}
      part={
        Object {
          "id": 13,
          "partType": 3,
        }
      }
      section={
        Object {
          "id": 1,
          "name": "section 1 name",
          "parts": Array [
            Object {
              "id": 11,
              "partType": 1,
            },
            Object {
              "id": 13,
              "partType": 3,
            },
          ],
        }
      }
      sections={
        Array [
          Object {
            "id": 1,
            "name": "section 1 name",
            "partTypes": Array [
              Object {
                "id": 1,
              },
              Object {
                "id": 3,
              },
            ],
          },
          Object {
            "id": 2,
            "name": "Groupset",
            "partTypes": Array [
              Object {
                "id": 9,
              },
              Object {
                "id": 12,
              },
              Object {
                "id": 14,
              },
            ],
          },
          Object {
            "id": 3,
            "name": "section 3 name",
            "partTypes": Array [
              Object {
                "id": 171,
              },
            ],
          },
        ]
      }
      showSupplierProducts={true}
      supplierProducts={
        Array [
          Object {
            "check_date": 2015-03-25T18:30:00.000Z,
            "club_price": 22.99,
            "fitted_price": 23.99,
            "id": 121,
            "part": 13,
            "product_code": "PC101",
            "rrp": 24.99,
            "supplier": 12,
            "ticket_price": 24.99,
            "trade_price": 11,
          },
          Object {
            "check_date": 2015-03-25T18:30:00.000Z,
            "club_price": 22.99,
            "fitted_price": 23.99,
            "id": 121,
            "part": 13,
            "product_code": "PC101",
            "rrp": 24.99,
            "supplier": 12,
            "ticket_price": 24.99,
            "trade_price": 11,
          },
          Object {
            "check_date": 2015-03-25T18:30:00.000Z,
            "club_price": 22.99,
            "fitted_price": 23.99,
            "id": 121,
            "part": 214,
            "product_code": "PC101",
            "rrp": 24.99,
            "supplier": 12,
            "ticket_price": 24.99,
            "trade_price": 11,
          },
        ]
      }
      suppliers={
        Array [
          Object {
            "id": 12,
            "name": "supplier Name",
          },
          Object {
            "id": 22,
            "name": "supplier Name 2",
          },
        ]
      }
      typeIndex={1}
    />
    <PartDisplayGridRow
      brands={
        Array [
          Object {
            "brand_name": "brand 1",
            "id": 1,
          },
          Object {
            "brand_name": "brand 2",
            "id": 2,
            "supplier": Array [],
            "supplier_names": Array [],
          },
          Object {
            "brand_name": "brand 3",
            "id": 3,
            "supplier": Array [
              1,
            ],
            "supplier_names": Array [
              "supplier 1",
            ],
          },
          Object {
            "brand_name": "brand 4",
            "delete": true,
            "id": 4,
          },
          Object {
            "brand_name": "brand 5",
            "changed": true,
            "id": 5,
            "supplier": Array [
              1,
              3,
            ],
            "supplier_names": Array [
              "supplier 1",
              "supplier 3",
            ],
          },
          Object {
            "brand_name": "brand new",
            "changed": true,
            "dummyKey": "123ABC",
          },
          Object {
            "brand_name": "brand new 2",
            "changed": true,
            "dummyKey": "new",
          },
        ]
      }
      lockFirstColumn={true}
      part={
        Object {
          "id": 29,
          "partType": 9,
        }
      }
      section={
        Object {
          "id": 2,
          "name": "Groupset",
          "parts": Array [
            Object {
              "id": 29,
              "partType": 9,
            },
            Object {
              "id": 212,
              "partType": 12,
            },
            Object {
              "id": 214,
              "partType": 14,
            },
          ],
        }
      }
      sections={
        Array [
          Object {
            "id": 1,
            "name": "section 1 name",
            "partTypes": Array [
              Object {
                "id": 1,
              },
              Object {
                "id": 3,
              },
            ],
          },
          Object {
            "id": 2,
            "name": "Groupset",
            "partTypes": Array [
              Object {
                "id": 9,
              },
              Object {
                "id": 12,
              },
              Object {
                "id": 14,
              },
            ],
          },
          Object {
            "id": 3,
            "name": "section 3 name",
            "partTypes": Array [
              Object {
                "id": 171,
              },
            ],
          },
        ]
      }
      showSupplierProducts={true}
      supplierProducts={
        Array [
          Object {
            "check_date": 2015-03-25T18:30:00.000Z,
            "club_price": 22.99,
            "fitted_price": 23.99,
            "id": 121,
            "part": 13,
            "product_code": "PC101",
            "rrp": 24.99,
            "supplier": 12,
            "ticket_price": 24.99,
            "trade_price": 11,
          },
          Object {
            "check_date": 2015-03-25T18:30:00.000Z,
            "club_price": 22.99,
            "fitted_price": 23.99,
            "id": 121,
            "part": 13,
            "product_code": "PC101",
            "rrp": 24.99,
            "supplier": 12,
            "ticket_price": 24.99,
            "trade_price": 11,
          },
          Object {
            "check_date": 2015-03-25T18:30:00.000Z,
            "club_price": 22.99,
            "fitted_price": 23.99,
            "id": 121,
            "part": 214,
            "product_code": "PC101",
            "rrp": 24.99,
            "supplier": 12,
            "ticket_price": 24.99,
            "trade_price": 11,
          },
        ]
      }
      suppliers={
        Array [
          Object {
            "id": 12,
            "name": "supplier Name",
          },
          Object {
            "id": 22,
            "name": "supplier Name 2",
          },
        ]
      }
      typeIndex={0}
    />
    <PartDisplayGridRow
      brands={
        Array [
          Object {
            "brand_name": "brand 1",
            "id": 1,
          },
          Object {
            "brand_name": "brand 2",
            "id": 2,
            "supplier": Array [],
            "supplier_names": Array [],
          },
          Object {
            "brand_name": "brand 3",
            "id": 3,
            "supplier": Array [
              1,
            ],
            "supplier_names": Array [
              "supplier 1",
            ],
          },
          Object {
            "brand_name": "brand 4",
            "delete": true,
            "id": 4,
          },
          Object {
            "brand_name": "brand 5",
            "changed": true,
            "id": 5,
            "supplier": Array [
              1,
              3,
            ],
            "supplier_names": Array [
              "supplier 1",
              "supplier 3",
            ],
          },
          Object {
            "brand_name": "brand new",
            "changed": true,
            "dummyKey": "123ABC",
          },
          Object {
            "brand_name": "brand new 2",
            "changed": true,
            "dummyKey": "new",
          },
        ]
      }
      lockFirstColumn={true}
      part={
        Object {
          "id": 212,
          "partType": 12,
        }
      }
      section={
        Object {
          "id": 2,
          "name": "Groupset",
          "parts": Array [
            Object {
              "id": 29,
              "partType": 9,
            },
            Object {
              "id": 212,
              "partType": 12,
            },
            Object {
              "id": 214,
              "partType": 14,
            },
          ],
        }
      }
      sections={
        Array [
          Object {
            "id": 1,
            "name": "section 1 name",
            "partTypes": Array [
              Object {
                "id": 1,
              },
              Object {
                "id": 3,
              },
            ],
          },
          Object {
            "id": 2,
            "name": "Groupset",
            "partTypes": Array [
              Object {
                "id": 9,
              },
              Object {
                "id": 12,
              },
              Object {
                "id": 14,
              },
            ],
          },
          Object {
            "id": 3,
            "name": "section 3 name",
            "partTypes": Array [
              Object {
                "id": 171,
              },
            ],
          },
        ]
      }
      showSupplierProducts={true}
      supplierProducts={
        Array [
          Object {
            "check_date": 2015-03-25T18:30:00.000Z,
            "club_price": 22.99,
            "fitted_price": 23.99,
            "id": 121,
            "part": 13,
            "product_code": "PC101",
            "rrp": 24.99,
            "supplier": 12,
            "ticket_price": 24.99,
            "trade_price": 11,
          },
          Object {
            "check_date": 2015-03-25T18:30:00.000Z,
            "club_price": 22.99,
            "fitted_price": 23.99,
            "id": 121,
            "part": 13,
            "product_code": "PC101",
            "rrp": 24.99,
            "supplier": 12,
            "ticket_price": 24.99,
            "trade_price": 11,
          },
          Object {
            "check_date": 2015-03-25T18:30:00.000Z,
            "club_price": 22.99,
            "fitted_price": 23.99,
            "id": 121,
            "part": 214,
            "product_code": "PC101",
            "rrp": 24.99,
            "supplier": 12,
            "ticket_price": 24.99,
            "trade_price": 11,
          },
        ]
      }
      suppliers={
        Array [
          Object {
            "id": 12,
            "name": "supplier Name",
          },
          Object {
            "id": 22,
            "name": "supplier Name 2",
          },
        ]
      }
      typeIndex={1}
    />
    <PartDisplayGridRow
      brands={
        Array [
          Object {
            "brand_name": "brand 1",
            "id": 1,
          },
          Object {
            "brand_name": "brand 2",
            "id": 2,
            "supplier": Array [],
            "supplier_names": Array [],
          },
          Object {
            "brand_name": "brand 3",
            "id": 3,
            "supplier": Array [
              1,
            ],
            "supplier_names": Array [
              "supplier 1",
            ],
          },
          Object {
            "brand_name": "brand 4",
            "delete": true,
            "id": 4,
          },
          Object {
            "brand_name": "brand 5",
            "changed": true,
            "id": 5,
            "supplier": Array [
              1,
              3,
            ],
            "supplier_names": Array [
              "supplier 1",
              "supplier 3",
            ],
          },
          Object {
            "brand_name": "brand new",
            "changed": true,
            "dummyKey": "123ABC",
          },
          Object {
            "brand_name": "brand new 2",
            "changed": true,
            "dummyKey": "new",
          },
        ]
      }
      lockFirstColumn={true}
      part={
        Object {
          "id": 214,
          "partType": 14,
        }
      }
      section={
        Object {
          "id": 2,
          "name": "Groupset",
          "parts": Array [
            Object {
              "id": 29,
              "partType": 9,
            },
            Object {
              "id": 212,
              "partType": 12,
            },
            Object {
              "id": 214,
              "partType": 14,
            },
          ],
        }
      }
      sections={
        Array [
          Object {
            "id": 1,
            "name": "section 1 name",
            "partTypes": Array [
              Object {
                "id": 1,
              },
              Object {
                "id": 3,
              },
            ],
          },
          Object {
            "id": 2,
            "name": "Groupset",
            "partTypes": Array [
              Object {
                "id": 9,
              },
              Object {
                "id": 12,
              },
              Object {
                "id": 14,
              },
            ],
          },
          Object {
            "id": 3,
            "name": "section 3 name",
            "partTypes": Array [
              Object {
                "id": 171,
              },
            ],
          },
        ]
      }
      showSupplierProducts={true}
      supplierProducts={
        Array [
          Object {
            "check_date": 2015-03-25T18:30:00.000Z,
            "club_price": 22.99,
            "fitted_price": 23.99,
            "id": 121,
            "part": 13,
            "product_code": "PC101",
            "rrp": 24.99,
            "supplier": 12,
            "ticket_price": 24.99,
            "trade_price": 11,
          },
          Object {
            "check_date": 2015-03-25T18:30:00.000Z,
            "club_price": 22.99,
            "fitted_price": 23.99,
            "id": 121,
            "part": 13,
            "product_code": "PC101",
            "rrp": 24.99,
            "supplier": 12,
            "ticket_price": 24.99,
            "trade_price": 11,
          },
          Object {
            "check_date": 2015-03-25T18:30:00.000Z,
            "club_price": 22.99,
            "fitted_price": 23.99,
            "id": 121,
            "part": 214,
            "product_code": "PC101",
            "rrp": 24.99,
            "supplier": 12,
            "ticket_price": 24.99,
            "trade_price": 11,
          },
        ]
      }
      suppliers={
        Array [
          Object {
            "id": 12,
            "name": "supplier Name",
          },
          Object {
            "id": 22,
            "name": "supplier Name 2",
          },
        ]
      }
      typeIndex={2}
    />
    <PartDisplayGridRow
      brands={
        Array [
          Object {
            "brand_name": "brand 1",
            "id": 1,
          },
          Object {
            "brand_name": "brand 2",
            "id": 2,
            "supplier": Array [],
            "supplier_names": Array [],
          },
          Object {
            "brand_name": "brand 3",
            "id": 3,
            "supplier": Array [
              1,
            ],
            "supplier_names": Array [
              "supplier 1",
            ],
          },
          Object {
            "brand_name": "brand 4",
            "delete": true,
            "id": 4,
          },
          Object {
            "brand_name": "brand 5",
            "changed": true,
            "id": 5,
            "supplier": Array [
              1,
              3,
            ],
            "supplier_names": Array [
              "supplier 1",
              "supplier 3",
            ],
          },
          Object {
            "brand_name": "brand new",
            "changed": true,
            "dummyKey": "123ABC",
          },
          Object {
            "brand_name": "brand new 2",
            "changed": true,
            "dummyKey": "new",
          },
        ]
      }
      lockFirstColumn={true}
      part={
        Object {
          "id": 3171,
          "partType": 171,
        }
      }
      section={
        Object {
          "id": 3,
          "name": "section 3 name",
          "parts": Array [
            Object {
              "id": 3171,
              "partType": 171,
            },
          ],
        }
      }
      sections={
        Array [
          Object {
            "id": 1,
            "name": "section 1 name",
            "partTypes": Array [
              Object {
                "id": 1,
              },
              Object {
                "id": 3,
              },
            ],
          },
          Object {
            "id": 2,
            "name": "Groupset",
            "partTypes": Array [
              Object {
                "id": 9,
              },
              Object {
                "id": 12,
              },
              Object {
                "id": 14,
              },
            ],
          },
          Object {
            "id": 3,
            "name": "section 3 name",
            "partTypes": Array [
              Object {
                "id": 171,
              },
            ],
          },
        ]
      }
      showSupplierProducts={true}
      supplierProducts={
        Array [
          Object {
            "check_date": 2015-03-25T18:30:00.000Z,
            "club_price": 22.99,
            "fitted_price": 23.99,
            "id": 121,
            "part": 13,
            "product_code": "PC101",
            "rrp": 24.99,
            "supplier": 12,
            "ticket_price": 24.99,
            "trade_price": 11,
          },
          Object {
            "check_date": 2015-03-25T18:30:00.000Z,
            "club_price": 22.99,
            "fitted_price": 23.99,
            "id": 121,
            "part": 13,
            "product_code": "PC101",
            "rrp": 24.99,
            "supplier": 12,
            "ticket_price": 24.99,
            "trade_price": 11,
          },
          Object {
            "check_date": 2015-03-25T18:30:00.000Z,
            "club_price": 22.99,
            "fitted_price": 23.99,
            "id": 121,
            "part": 214,
            "product_code": "PC101",
            "rrp": 24.99,
            "supplier": 12,
            "ticket_price": 24.99,
            "trade_price": 11,
          },
        ]
      }
      suppliers={
        Array [
          Object {
            "id": 12,
            "name": "supplier Name",
          },
          Object {
            "id": 22,
            "name": "supplier Name 2",
          },
        ]
      }
      typeIndex={0}
    />
  </div>
</div>
`;
