// Jest Snapshot v1, https://goo.gl/fbAQLP

exports[`basic render should show the bike name and bike edit page when rendered 1`] = `
<div>
  <h3>
    Haibike: Trekking 4
  </h3>
  <EditModelPage
    actionsRequired={true}
    additionalActions={Array []}
    data-test="edit-bike"
    model={
      Object {
        "changed": false,
        "club_price": "2249.00",
        "colours": "anthracite/black/lime",
        "description": null,
        "epic_price": null,
        "error": "",
        "error_detail": Object {},
        "frame": 14,
        "id": 58,
        "model_name": "4",
        "rrp": null,
        "sizes": null,
      }
    }
    modelDelete={[Function]}
    modelFields={
      Array [
        Object {
          "displaySize": 40,
          "error": "A name is required for the model",
          "fieldName": "model_name",
          "header": "Model Name",
          "maxLength": 100,
          "required": true,
          "synonyms": Array [],
          "type": "text",
        },
        Object {
          "displaySize": 400,
          "fieldName": "description",
          "header": "Description",
          "synonyms": Array [
            "description",
            "desc",
          ],
          "type": "textArea",
        },
        Object {
          "displaySize": 10,
          "fieldName": "product_code",
          "header": "Product Code",
          "maxLength": 30,
          "synonyms": Array [
            "product_code",
          ],
          "type": "text",
        },
        Object {
          "displaySize": 30,
          "fieldName": "colours",
          "header": "Colours",
          "maxLength": 100,
          "synonyms": Array [
            "colours",
            "colour",
            "colors",
            "color",
          ],
          "type": "text",
        },
        Object {
          "displaySize": 6,
          "fieldName": "rrp",
          "header": "RRP",
          "maxLength": 10,
          "synonyms": Array [
            "price",
            "selling price",
            "srp",
            "rrp",
            "sell price",
            "retail price",
          ],
          "type": "currency",
        },
        Object {
          "displaySize": 6,
          "fieldName": "epic_price",
          "header": "Epic Price",
          "maxLength": 10,
          "synonyms": Array [],
          "type": "currency",
        },
        Object {
          "displaySize": 10,
          "fieldName": "club_price",
          "header": "Club Price",
          "maxLength": 6,
          "type": "currency",
        },
        Object {
          "displaySize": 50,
          "fieldName": "sizes",
          "header": "Sizes",
          "maxLength": 100,
          "synonyms": Array [
            "sizes",
            "size",
            "frame sizes",
            "frame size",
          ],
          "type": "text",
        },
      ]
    }
    modelReset={[Function]}
    modelSave={[Function]}
    onChange={[Function]}
    persistedModel={
      Object {
        "club_price": "2249.00",
        "colours": "anthracite/black/lime",
        "description": null,
        "epic_price": null,
        "frame": 14,
        "id": 58,
        "model_name": "4",
        "rrp": null,
        "sizes": null,
      }
    }
    showReadOnlyFields={true}
  />
</div>
`;
