// Jest Snapshot v1, https://goo.gl/fbAQLP

exports[`supplier blob with everything 1`] = `
<div
  className="rounded-auto col-02 bg-col-02 border-col-02"
  key="supplierBlobE1"
>
  <nobr>
    supplier name
    <Icon
      as="i"
      key="supplierBlobEditE1"
      name="edit"
      onClick={[Function]}
    />
    <Icon
      as="i"
      key="supplierBlobDeleteE1"
      name="delete"
      onClick={[Function]}
    />
  </nobr>
  <div
    key="supplierBlobBrandsE1"
  >
     
    Brands: 
  </div>
  <a
    href="supplier.co.uk"
    key="supplierBlobLinkE1"
  >
    Website
  </a>
</div>
`;

exports[`supplier blob with just name 1`] = `
<div
  className="rounded-auto col-02 bg-col-02 border-col-02"
  key="supplierBlob1"
>
  <nobr>
    supplier name
  </nobr>
</div>
`;
