// Jest Snapshot v1, https://goo.gl/fbAQLP

exports[`it displays correctly 1`] = `
<Fragment
  key="menuSectionundefined"
>
  <h2>
    Customer
  </h2>
  <div
    className=""
  >
    <Link
      className="internal_link"
      key="menuLink1"
      to="/customer-search"
    >
      Find Customer
    </Link>
    <Link
      className="internal_link"
      key="menuLink2"
      to="/customer"
    >
      New Customer
    </Link>
  </div>
  <h2>
    Core Data
  </h2>
  <div
    className=""
  >
    <Link
      className="internal_link"
      key="menuLink3"
      to="/framework"
    >
      Quote Sections
    </Link>
    <Link
      className="internal_link"
      key="menuLink4"
      to="/brands"
    >
      Brands
    </Link>
  </div>
</Fragment>
`;
