// Jest Snapshot v1, https://goo.gl/fbAQLP

exports[`it renders 1`] = `
<Fragment
  key="bikeUploadMapping"
>
  <section
    className="row"
    id="mappingData"
    key="mappingData"
  >
    <div
      className="grid"
      key="partTypes"
      style={
        Object {
          "height": "614.4px",
          "overflow": "scroll",
          "width": "512px",
        }
      }
    >
      <div
        className="grid-row grid-row--header "
      >
        <div
          className="grid-item--header"
        >
          Section
        </div>
        <div
          className="grid-item--header"
        >
          Part Type
        </div>
        <div
          className="grid-item--header"
        >
          Upload field
        </div>
      </div>
      <UploadPartTypeMapping
        allowDrop={[Function]}
        assignToPartType={[Function]}
        key="partList11"
        partType={
          Object {
            "id": 11,
            "includeInSection": 1,
            "name": "id 11",
          }
        }
        partTypeIndex={0}
        rowMappings={Array []}
        section={
          Object {
            "id": 1,
            "partTypes": Array [
              Object {
                "id": 11,
                "includeInSection": 1,
                "name": "id 11",
              },
              Object {
                "id": 21,
                "includeInSection": 1,
                "name": "id 21",
              },
            ],
          }
        }
        sectionIndex={0}
        setUpPartTypeModalForPart={[Function]}
        undoMapping={[Function]}
      />
      <UploadPartTypeMapping
        allowDrop={[Function]}
        assignToPartType={[Function]}
        key="partList21"
        partType={
          Object {
            "id": 21,
            "includeInSection": 1,
            "name": "id 21",
          }
        }
        partTypeIndex={1}
        rowMappings={Array []}
        section={
          Object {
            "id": 1,
            "partTypes": Array [
              Object {
                "id": 11,
                "includeInSection": 1,
                "name": "id 11",
              },
              Object {
                "id": 21,
                "includeInSection": 1,
                "name": "id 21",
              },
            ],
          }
        }
        sectionIndex={0}
        setUpPartTypeModalForPart={[Function]}
        undoMapping={[Function]}
      />
      <UploadPartTypeMapping
        allowDrop={[Function]}
        assignToPartType={[Function]}
        key="partList2"
        partType={
          Object {
            "id": 2,
            "includeInSection": 2,
            "name": "find me",
          }
        }
        partTypeIndex={0}
        rowMappings={
          Array [
            Object {
              "partType": 2,
              "partTypeName": "find me",
              "rowIndex": 1,
            },
            Object {
              "partType": 2,
              "partTypeName": "find me",
              "rowIndex": 11,
            },
          ]
        }
        section={
          Object {
            "id": 2,
            "partTypes": Array [
              Object {
                "id": 2,
                "includeInSection": 2,
                "name": "find me",
              },
              Object {
                "id": 22,
                "includeInSection": 2,
                "name": "id 22",
              },
            ],
          }
        }
        sectionIndex={1}
        setUpPartTypeModalForPart={[Function]}
        undoMapping={[Function]}
      />
      <UploadPartTypeMapping
        allowDrop={[Function]}
        assignToPartType={[Function]}
        key="partList22"
        partType={
          Object {
            "id": 22,
            "includeInSection": 2,
            "name": "id 22",
          }
        }
        partTypeIndex={1}
        rowMappings={Array []}
        section={
          Object {
            "id": 2,
            "partTypes": Array [
              Object {
                "id": 2,
                "includeInSection": 2,
                "name": "find me",
              },
              Object {
                "id": 22,
                "includeInSection": 2,
                "name": "id 22",
              },
            ],
          }
        }
        sectionIndex={1}
        setUpPartTypeModalForPart={[Function]}
        undoMapping={[Function]}
      />
    </div>
    <div
      style={
        Object {
          "height": "614.4px",
          "overflow": "auto",
          "width": "307.2px",
        }
      }
    >
      <div
        className="rounded"
        draggable={true}
        key="mapping0"
        onDragStart={[Function]}
      >
        id 11
        <Icon
          as="i"
          id="delete-field0"
          name="trash"
          onClick={[Function]}
          title="Discard data"
        />
        <Icon
          as="i"
          id="create{index}"
          name="add circle"
          onClick={[Function]}
          title="Create Part Type to store data"
        />
      </div>
      <div
        className="rounded"
        draggable={true}
        key="mapping1"
        onDragStart={[Function]}
      >
        id 111
        <Icon
          as="i"
          id="delete-field1"
          name="trash"
          onClick={[Function]}
          title="Discard data"
        />
        <Icon
          as="i"
          id="create{index}"
          name="add circle"
          onClick={[Function]}
          title="Create Part Type to store data"
        />
      </div>
      <div
        className="rounded"
        draggable={true}
        key="mapping2"
        onDragStart={[Function]}
      >
        id 234
        <Icon
          as="i"
          id="delete-field2"
          name="trash"
          onClick={[Function]}
          title="Discard data"
        />
        <Icon
          as="i"
          id="create{index}"
          name="add circle"
          onClick={[Function]}
          title="Create Part Type to store data"
        />
      </div>
    </div>
    <div
      style={
        Object {
          "height": "614.4px",
          "overflow": "auto",
          "width": "204.8px",
        }
      }
    >
        
      <div
        className="rounded discarded"
        key="discard0"
      >
        id 11
        <Icon
          as="i"
          id="restore-field0"
          name="remove circle"
          onClick={[Function]}
          title="Do not Discard data"
        />
      </div>
    </div>
  </section>
  <div>
    <Button
      as="button"
      key="bikeFileUploadCont"
      onClick={[Function]}
    >
      Continue ...
    </Button>
  </div>
</Fragment>
`;
