// Jest Snapshot v1, https://goo.gl/fbAQLP

exports[`UploadMappingSuppliers it renders 1`] = `
<Fragment
  key="supplierUploadMapping"
>
  <section
    className="row"
    id="mappingData"
    key="mappingData"
  >
    <div
      className="rounded"
      data-test="unmatchedSupplier"
      key="mapping0"
    >
      id 11
      <SupplierSelect
        disabled={false}
        error=""
        fieldName="selectedSupplier"
        isEmptyAllowed={true}
        onChange={[Function]}
        suppliers={
          Array [
            Object {
              "id": 1,
              "supplier_name": "id is 1",
            },
            Object {
              "id": 2,
              "supplier_name": "find me",
            },
            Object {
              "id": 3,
              "supplier_name": "id is 3",
            },
          ]
        }
      />
      <Icon
        as="i"
        id="delete0"
        name="trash"
        onClick={[Function]}
        title="Discard data"
      />
      <Icon
        as="i"
        id="create0"
        name="add circle"
        onClick={[Function]}
        title="Create Supplier to store data"
      />
    </div>
    <div
      className="rounded"
      data-test="unmatchedSupplier"
      key="mapping1"
    >
      id 111
      <SupplierSelect
        disabled={false}
        error=""
        fieldName="selectedSupplier"
        isEmptyAllowed={true}
        onChange={[Function]}
        suppliers={
          Array [
            Object {
              "id": 1,
              "supplier_name": "id is 1",
            },
            Object {
              "id": 2,
              "supplier_name": "find me",
            },
            Object {
              "id": 3,
              "supplier_name": "id is 3",
            },
          ]
        }
      />
      <Icon
        as="i"
        id="delete1"
        name="trash"
        onClick={[Function]}
        title="Discard data"
      />
      <Icon
        as="i"
        id="create1"
        name="add circle"
        onClick={[Function]}
        title="Create Supplier to store data"
      />
    </div>
    <div
      className="rounded discarded"
      data-test="ignoredSupplier"
      key="discard0"
    >
      id 234
      <Icon
        as="i"
        id="restore0"
        name="remove circle"
        onClick={[Function]}
        title="Do not Discard data"
      />
    </div>
  </section>
  <div>
    <Button
      as="button"
      disabled={true}
      key="uploadCont"
      onClick={[Function]}
    >
      Continue ...
    </Button>
  </div>
</Fragment>
`;
