// Jest Snapshot v1, https://goo.gl/fbAQLP

exports[`BrandEdit should shows new brand without supplier correctly 1`] = `
<div
  className="rounded"
  draggable={false}
  key="brandnew"
  onDragStart={[Function]}
>
  <AddLink
    addFunction={[Function]}
    addObjectName="Brand"
  />
  <EditModelInput
    componentKey="new"
    field={
      Object {
        "displaySize": 20,
        "error": "A name is required for the brand",
        "fieldName": "brand_name",
        "header": "Brand Name",
        "maxLength": 50,
        "required": false,
        "synonyms": Array [],
      }
    }
    index=""
    model={
      Object {
        "brand_name": "e brand 8",
        "id": 8,
        "link": "https://bianchi.co.uk",
      }
    }
    onChange={[Function]}
    persistedModel={Object {}}
  />
  <div
    className="row"
  >
    <div
      className="field-label"
    >
      Bike Brand
    </div>
    <EditModelInput
      componentKey="new"
      field={
        Object {
          "fieldName": "bike_brand",
          "header": "Bike Brand",
          "type": "checkbox",
        }
      }
      index=""
      model={
        Object {
          "brand_name": "e brand 8",
          "id": 8,
          "link": "https://bianchi.co.uk",
        }
      }
      onChange={[Function]}
      persistedModel={Object {}}
    />
  </div>
  Supplier(s):
   
  Unknown
</div>
`;
