// Jest Snapshot v1, https://goo.gl/fbAQLP

exports[`ModelViewRowField it renders when passed a field that has multiple values 1`] = `<nobr />`;

exports[`ModelViewRowField it renders when passed a field that has no data 1`] = `<nobr />`;

exports[`ModelViewRowField it should render when passed a field with data 1`] = `
<nobr>
  12/20/2012, 3:00:00 AM
</nobr>
`;
