// Jest Snapshot v1, https://goo.gl/fbAQLP

exports[`Login displays login fields when no user in session 1`] = `
<form
  onKeyPress={[Function]}
>
  <div
    className="fit-content"
  >
    <h1>
      Login
    </h1>
    <EditModelPage
      className="fit-content"
      model={
        Object {
          "password": "",
          "username": "",
        }
      }
      modelFields={
        Array [
          Object {
            "displaySize": 20,
            "error": "A value is required.",
            "fieldName": "username",
            "header": "User Name",
            "maxLength": 60,
            "required": true,
            "synonyms": Array [],
            "type": "text",
          },
          Object {
            "displaySize": 20,
            "error": "A value is required.",
            "fieldName": "password",
            "header": "Password",
            "maxLength": 60,
            "required": true,
            "synonyms": Array [],
            "type": "password",
          },
        ]
      }
      onChange={[Function]}
    />
    <div
      className="full align_right"
    >
      <IconArray
        actionArray={
          Array [
            Object {
              "iconAction": [Function],
              "iconDisabled": true,
              "iconName": "sign in",
              "iconTitle": "Sign In",
            },
          ]
        }
        componentKey=""
      />
    </div>
  </div>
</form>
`;

exports[`Login displays login fields when user in session 1`] = `
<form
  onKeyPress={[Function]}
>
  <div
    className="fit-content"
  >
    <h1>
      Login
    </h1>
    <EditModelPage
      className="fit-content"
      model={
        Object {
          "password": "",
          "username": "",
        }
      }
      modelFields={
        Array [
          Object {
            "displaySize": 20,
            "error": "A value is required.",
            "fieldName": "username",
            "header": "User Name",
            "maxLength": 60,
            "required": true,
            "synonyms": Array [],
            "type": "text",
          },
          Object {
            "displaySize": 20,
            "error": "A value is required.",
            "fieldName": "password",
            "header": "Password",
            "maxLength": 60,
            "required": true,
            "synonyms": Array [],
            "type": "password",
          },
        ]
      }
      onChange={[Function]}
    />
    <div
      className="full align_right"
    >
      <IconArray
        actionArray={
          Array [
            Object {
              "iconAction": [Function],
              "iconDisabled": true,
              "iconName": "sign in",
              "iconTitle": "Sign In",
            },
          ]
        }
        componentKey=""
      />
    </div>
  </div>
</form>
`;
